---
source: tests/snapshots_from_examples.rs
expression: actions
---
[
  Action(
    id: "[uuid]",
    parent_id: "[uuid]",
    state: not_started,
    name: "Task with empty context",
    description: None,
    priority: None,
    contexts: Some([
      "",
    ]),
    scheduled_at: None,
    duration: None,
    due_date: None,
    completed_at: None,
    created_at: None,
    predecessors: None,
    charter: None,
    alias: None,
    is_sequential: None,
    plan_id: None,
    external_occurrence_key: None,
  ),
  Action(
    id: "[uuid]",
    parent_id: "[uuid]",
    state: not_started,
    name: "Task with empty in middle",
    description: None,
    priority: None,
    contexts: Some([
      "work",
      "",
      "home",
    ]),
    scheduled_at: None,
    duration: None,
    due_date: None,
    completed_at: None,
    created_at: None,
    predecessors: None,
    charter: None,
    alias: None,
    is_sequential: None,
    plan_id: None,
    external_occurrence_key: None,
  ),
  Action(
    id: "[uuid]",
    parent_id: "[uuid]",
    state: not_started,
    name: "Multiple empties",
    description: None,
    priority: None,
    contexts: Some([
      "work",
      "",
      "",
      "",
      "errands",
    ]),
    scheduled_at: None,
    duration: None,
    due_date: None,
    completed_at: None,
    created_at: None,
    predecessors: None,
    charter: None,
    alias: None,
    is_sequential: None,
    plan_id: None,
    external_occurrence_key: None,
  ),
  Action(
    id: "[uuid]",
    parent_id: "[uuid]",
    state: not_started,
    name: "Task with whitespace context",
    description: None,
    priority: None,
    contexts: Some([
      "",
    ]),
    scheduled_at: None,
    duration: None,
    due_date: None,
    completed_at: None,
    created_at: None,
    predecessors: None,
    charter: None,
    alias: None,
    is_sequential: None,
    plan_id: None,
    external_occurrence_key: None,
  ),
  Action(
    id: "[uuid]",
    parent_id: "[uuid]",
    state: not_started,
    name: "Task with trailing comma",
    description: None,
    priority: None,
    contexts: Some([
      "work",
      "",
    ]),
    scheduled_at: None,
    duration: None,
    due_date: None,
    completed_at: None,
    created_at: None,
    predecessors: None,
    charter: None,
    alias: None,
    is_sequential: None,
    plan_id: None,
    external_occurrence_key: None,
  ),
]
