---
source: tests/snapshots_from_examples.rs
expression: actions
---
[
  Action(
    id: "[uuid]",
    parent_id: "[uuid]",
    state: completed,
    name: "Go to the store for chicken",
    description: Some("Make sure you get the stuff from the butcher directly"),
    priority: Some(1),
    contexts: Some([
      "Driving",
      "Store",
      "Market",
    ]),
    scheduled_at: Some("2025-01-19T08:30:00[local-offset]"),
    duration: Some(30),
    due_date: None,
    completed_at: Some("2025-01-19T10:30:00[local-offset]"),
    created_at: Some("2025-01-19T08:00:00[local-offset]"),
    predecessors: None,
    charter: Some("Run Errands"),
    alias: None,
    is_sequential: None,
    plan_id: None,
    external_occurrence_key: None,
  ),
  Action(
    id: "[uuid]",
    parent_id: "[uuid]",
    state: not_started,
    name: "Child action",
    description: None,
    priority: None,
    contexts: None,
    scheduled_at: None,
    duration: None,
    due_date: None,
    completed_at: None,
    created_at: None,
    predecessors: None,
    charter: None,
    alias: None,
    is_sequential: None,
    plan_id: None,
    external_occurrence_key: None,
  ),
  Action(
    id: "[uuid]",
    parent_id: "[uuid]",
    state: not_started,
    name: "Grandchild action",
    description: None,
    priority: None,
    contexts: None,
    scheduled_at: None,
    duration: None,
    due_date: None,
    completed_at: None,
    created_at: None,
    predecessors: None,
    charter: None,
    alias: None,
    is_sequential: None,
    plan_id: None,
    external_occurrence_key: None,
  ),
  Action(
    id: "[uuid]",
    parent_id: "[uuid]",
    state: not_started,
    name: "Great grandchild action",
    description: None,
    priority: None,
    contexts: None,
    scheduled_at: None,
    duration: None,
    due_date: None,
    completed_at: None,
    created_at: None,
    predecessors: None,
    charter: None,
    alias: None,
    is_sequential: None,
    plan_id: None,
    external_occurrence_key: None,
  ),
  Action(
    id: "[uuid]",
    parent_id: "[uuid]",
    state: not_started,
    name: "Double-great grandchild action",
    description: None,
    priority: None,
    contexts: None,
    scheduled_at: None,
    duration: None,
    due_date: None,
    completed_at: None,
    created_at: None,
    predecessors: None,
    charter: None,
    alias: None,
    is_sequential: None,
    plan_id: None,
    external_occurrence_key: None,
  ),
  Action(
    id: "[uuid]",
    parent_id: "[uuid]",
    state: not_started,
    name: "Leaf action",
    description: None,
    priority: None,
    contexts: None,
    scheduled_at: None,
    duration: None,
    due_date: None,
    completed_at: None,
    created_at: None,
    predecessors: None,
    charter: None,
    alias: None,
    is_sequential: None,
    plan_id: None,
    external_occurrence_key: None,
  ),
]
